operation get : unit → int
operation put : int → unit
operation get' : unit → int
operation put' : int → unit
operation tick : unit → int
val state : {get, put} @ int ⇒ {} = <cohandler>
val ticker : {tick} @ int ⇒ {} = <cohandler>
val c : {get, put, tick} @ int × int ⇒ {} = <cohandler>
val demo1 : (int × int × int) × (int × int) = ((10, 0, 1), (3, 2))
val demo2 : (int × int) × (int × int) = ((2, 5), (7, 15))
