operation op : int → int
signal die of unit
signal croak of int
val apply : (int → int ! {die, op}) → (int → int ! {die, op}) ! {} =
<fun>
val g : int → int ! {die, op} = <fun>
val c : int → {op} @ int ⇒ {croak} ! {} = <fun>
val demo : int → (int × int) × int ! {die} = <fun>
- : (int × int) × int = ((1001, 1003), 5)
- : int = 23
- : (int × int) × int = ((1, -1), 1)
